Script started on 2024-08-22 15:40:59+03:00 [TERM="xterm-256color" TTY="/dev/pts/1" COLUMNS="129" LINES="7"]
                    sh '''
                    source venv/bin/activate
                    pytest test_myflask.py
                    '''
                }
            }
        }

        stage('Deploy') {
            steps {
                script {
                    sh 'docker-compose up -d'
                }
            }
        }
    }

    post {
        always {
            sh 'docker-compose down'
        }
    }
}[?2004h]0;tomer@DESKTOP-9J2H91V: /mnt/c/Users/PC/Desktop/projects/python/my_project[01;32mtomer@DESKTOP-9J2H91V[00m:[01;34m/mnt/c/Users/PC/Desktop/projects/python/my_project[00m$                     sh '''
[?2004l[?2004h>                     source venv/bin/activate
[?2004l[?2004h>                     pytest test_myflask.py
[?2004l[?2004h>                     '''
[?2004l^Zcannot open 
                    source venv/bin/activate
                    pytest test_myflask.py
                    : No such file
[1]+  Stopped                 sh '''
                    source venv/bin/activate
                    pytest test_myflask.py
                    '''
[?2004h]0;tomer@DESKTOP-9J2H91V: /mnt/c/Users/PC/Desktop/projects/python/my_project[01;32mtomer@DESKTOP-9J2H91V[00m:[01;34m/mnt/c/Users/PC/Desktop/projects/python/my_project[00m$ jobs
[?2004l[1]+  Stopped                 sh '''
                    source venv/bin/activate
                    pytest test_myflask.py
                    '''
[?2004h]0;tomer@DESKTOP-9J2H91V: /mnt/c/Users/PC/Desktop/projects/python/my_project[01;32mtomer@DESKTOP-9J2H91V[00m:[01;34m/mnt/c/Users/PC/Desktop/projects/python/my_project[00m$ k[Kkill $1
[?2004lkill: usage: kill [-s sigspec | -n signum | -sigspec] pid | jobspec ... or kill -l [sigspec]
[?2004h]0;tomer@DESKTOP-9J2H91V: /mnt/c/Users/PC/Desktop/projects/python/my_project[01;32mtomer@DESKTOP-9J2H91V[00m:[01;34m/mnt/c/Users/PC/Desktop/projects/python/my_project[00m$ sto[K[K[Kki[K[Kkill -9 $1
[?2004lkill: usage: kill [-s sigspec | -n signum | -sigspec] pid | jobspec ... or kill -l [sigspec]
[?2004h]0;tomer@DESKTOP-9J2H91V: /mnt/c/Users/PC/Desktop/projects/python/my_project[01;32mtomer@DESKTOP-9J2H91V[00m:[01;34m/mnt/c/Users/PC/Desktop/projects/python/my_project[00m$ kill -s #[K$1
[?2004lbash: kill: -s: option requires an argument
[?2004h]0;tomer@DESKTOP-9J2H91V: /mnt/c/Users/PC/Desktop/projects/python/my_project[01;32mtomer@DESKTOP-9J2H91V[00m:[01;34m/mnt/c/Users/PC/Desktop/projects/python/my_project[00m$ kill -s $19[C[C[C[3P$1[3Pjobsexitgit add .commit -m "adding test flask"add .[K
[?2004l[?2004h]0;tomer@DESKTOP-9J2H91V: /mnt/c/Users/PC/Desktop/projects/python/my_project[01;32mtomer@DESKTOP-9J2H91V[00m:[01;34m/mnt/c/Users/PC/Desktop/projects/python/my_project[00m$ git add .kill -s $19[C[C[C[3P$1[3Pjobsexitgit add .commit -m "adding test flask"
[?2004l[main b4cea96] adding test flask
 1 file changed, 144 insertions(+)
 create mode 100644 {
[?2004h]0;tomer@DESKTOP-9J2H91V: /mnt/c/Users/PC/Desktop/projects/python/my_project[01;32mtomer@DESKTOP-9J2H91V[00m:[01;34m/mnt/c/Users/PC/Desktop/projects/python/my_project[00m$ git commit -m "adding test flask"add .[Kkill -s $19[C[C[C[3P$1[3Pjobsexitgit add .commit -m "adding test flask"add .[Kpush origin main[K[K[K[K[K[K[K[K[K[K[K[K
[?2004lgit: 'credential-wincred' is not a git command. See 'git --help'.
Username for 'https://github.com': tomernos
Password for 'https://tomernos@github.com': 
git: 'credential-wincred' is not a git command. See 'git --help'.
Enumerating objects: 9, done.
Counting objects:  11% (1/9)Counting objects:  22% (2/9)Counting objects:  33% (3/9)Counting objects:  44% (4/9)Counting objects:  55% (5/9)Counting objects:  66% (6/9)Counting objects:  77% (7/9)Counting objects:  88% (8/9)Counting objects: 100% (9/9)Counting objects: 100% (9/9), done.
Delta compression using up to 12 threads
Compressing objects:  14% (1/7)Compressing objects:  28% (2/7)Compressing objects:  42% (3/7)Compressing objects:  57% (4/7)Compressing objects:  71% (5/7)Compressing objects:  85% (6/7)Compressing objects: 100% (7/7)Compressing objects: 100% (7/7), done.
Writing objects:  14% (1/7)Writing objects:  28% (2/7)Writing objects:  42% (3/7)Writing objects:  57% (4/7)Writing objects:  71% (5/7)Writing objects:  85% (6/7)Writing objects: 100% (7/7)Writing objects: 100% (7/7), 1.65 KiB | 844.00 KiB/s, done.
Total 7 (delta 3), reused 0 (delta 0), pack-reused 0
remote: Resolving deltas:  33% (1/3)[Kremote: Resolving deltas:  66% (2/3)[Kremote: Resolving deltas: 100% (3/3)[Kremote: Resolving deltas: 100% (3/3), completed with 2 local objects.[K
To https://github.com/tomernos/python-projects.git
   fbc5155..b4cea96  main -> main
[?2004h]0;tomer@DESKTOP-9J2H91V: /mnt/c/Users/PC/Desktop/projects/python/my_project[01;32mtomer@DESKTOP-9J2H91V[00m:[01;34m/mnt/c/Users/PC/Desktop/projects/python/my_project[00m$ git pushcommit -m "adding test flask"push[K[Kgit pushcommit -m "adding test flask"add .[Kkill -s $1[1Pgit add .
[?2004l[?2004h]0;tomer@DESKTOP-9J2H91V: /mnt/c/Users/PC/Desktop/projects/python/my_project[01;32mtomer@DESKTOP-9J2H91V[00m:[01;34m/mnt/c/Users/PC/Desktop/projects/python/my_project[00m$ git add .[1Ppushcommit -m "adding test flask"push[Kcommit -m "adding test flask"
[?2004l[main 34f4c8a] adding test flask
 2 files changed, 44 insertions(+), 100 deletions(-)
 rename templates/Jenkinsfile => Jenkinsfile (100%)
[?2004h]0;tomer@DESKTOP-9J2H91V: /mnt/c/Users/PC/Desktop/projects/python/my_project[01;32mtomer@DESKTOP-9J2H91V[00m:[01;34m/mnt/c/Users/PC/Desktop/projects/python/my_project[00m$ git commit -m "adding test flask"add .[K[1Ppush
[?2004lgit: 'credential-wincred' is not a git command. See 'git --help'.
Username for 'https://github.com': tomernos
Password for 'https://tomernos@github.com': 
git: 'credential-wincred' is not a git command. See 'git --help'.
Enumerating objects: 7, done.
Counting objects:  14% (1/7)Counting objects:  28% (2/7)Counting objects:  42% (3/7)Counting objects:  57% (4/7)Counting objects:  71% (5/7)Counting objects:  85% (6/7)Counting objects: 100% (7/7)Counting objects: 100% (7/7), done.
Delta compression using up to 12 threads
Compressing objects:  25% (1/4)Compressing objects:  50% (2/4)Compressing objects:  75% (3/4)Compressing objects: 100% (4/4)Compressing objects: 100% (4/4), done.
Writing objects:  25% (1/4)Writing objects:  50% (2/4)Writing objects:  75% (3/4)Writing objects: 100% (4/4)Writing objects: 100% (4/4), 1.16 KiB | 1.17 MiB/s, done.
Total 4 (delta 3), reused 0 (delta 0), pack-reused 0
remote: Resolving deltas:   0% (0/3)[Kremote: Resolving deltas:  33% (1/3)[Kremote: Resolving deltas:  66% (2/3)[Kremote: Resolving deltas: 100% (3/3)[Kremote: Resolving deltas: 100% (3/3), completed with 3 local objects.[K
To https://github.com/tomernos/python-projects.git
   b4cea96..34f4c8a  main -> main
[?2004h]0;tomer@DESKTOP-9J2H91V: /mnt/c/Users/PC/Desktop/projects/python/my_project[01;32mtomer@DESKTOP-9J2H91V[00m:[01;34m/mnt/c/Users/PC/Desktop/projects/python/my_project[00m$ git confug[K[Kigur
[?2004lgit: 'configur' is not a git command. See 'git --help'.
[?2004h]0;tomer@DESKTOP-9J2H91V: /mnt/c/Users/PC/Desktop/projects/python/my_project[01;32mtomer@DESKTOP-9J2H91V[00m:[01;34m/mnt/c/Users/PC/Desktop/projects/python/my_project[00m$ git configure[Ke
[?2004lgit: 'configure' is not a git command. See 'git --help'.
[?2004h]0;tomer@DESKTOP-9J2H91V: /mnt/c/Users/PC/Desktop/projects/python/my_project[01;32mtomer@DESKTOP-9J2H91V[00m:[01;34m/mnt/c/Users/PC/Desktop/projects/python/my_project[00m$ git configure[Kation
[?2004lgit: 'configuration' is not a git command. See 'git --help'.
[?2004h]0;tomer@DESKTOP-9J2H91V: /mnt/c/Users/PC/Desktop/projects/python/my_project[01;32mtomer@DESKTOP-9J2H91V[00m:[01;34m/mnt/c/Users/PC/Desktop/projects/python/my_project[00m$ git configuration[K[K[K[K[K[K[K
[?2004lusage: git config [<options>]

Config file location
    --global              use global config file
    --system              use system config file
    --local               use repository config file
    --worktree            use per-worktree config file
    -f, --file <file>     use given config file
    --blob <blob-id>      read config from given blob object

Action
    --get                 get value: name [value-pattern]
    --get-all             get all values: key [value-pattern]
    --get-regexp          get values for regexp: name-regex [value-pattern]
    --get-urlmatch        get value specific for the URL: section[.var] URL
    --replace-all         replace all matching variables: name value [value-pattern]
    --add                 add a new variable: name value
    --unset               remove a variable: name [value-pattern]
    --unset-all           remove all matches: name [value-pattern]
    --rename-section      rename section: old-name new-name
    --remove-section      remove a section: name
    -l, --list            list all
    --fixed-value         use string equality when comparing values to 'value-pattern'
    -e, --edit            open an editor
    --get-color           find the color configured: slot [default]
    --get-colorbool       find the color setting: slot [stdout-is-tty]

Type
    -t, --type <>         value is given this type
    --bool                value is "true" or "false"
    --int                 value is decimal number
    --bool-or-int         value is --bool or --int
    --bool-or-str         value is --bool or string
    --path                value is a path (file or directory name)
    --expiry-date         value is an expiry date

Other
    -z, --null            terminate values with NUL byte
    --name-only           show variable names only
    --includes            respect include directives on lookup
    --show-origin         show origin of config (file, standard input, blob, command line)
    --show-scope          show scope of config (worktree, local, global, system, command)
    --default <value>     with --get, use default value when missing entry

[?2004h]0;tomer@DESKTOP-9J2H91V: /mnt/c/Users/PC/Desktop/projects/python/my_project[01;32mtomer@DESKTOP-9J2H91V[00m:[01;34m/mnt/c/Users/PC/Desktop/projects/python/my_project[00m$ git config -k[Kl
[?2004l[?1h=user.email=tomernos1@gmail.com[m
user.name=tomernos[m
credential.helper=wincred[m
core.repositoryformatversion=0[m
core.filemode=false[m
core.bare=false[m
:[K[K[?1l>[?2004h]0;tomer@DESKTOP-9J2H91V: /mnt/c/Users/PC/Desktop/projects/python/my_project[01;32mtomer@DESKTOP-9J2H91V[00m:[01;34m/mnt/c/Users/PC/Desktop/projects/python/my_project[00m$ 
[?2004l[?2004h]0;tomer@DESKTOP-9J2H91V: /mnt/c/Users/PC/Desktop/projects/python/my_project[01;32mtomer@DESKTOP-9J2H91V[00m:[01;34m/mnt/c/Users/PC/Desktop/projects/python/my_project[00m$ git config -l[Kuratione[K[K[4Ppushcommit -m "adding test flask"add .[K
[?2004l[?2004h]0;tomer@DESKTOP-9J2H91V: /mnt/c/Users/PC/Desktop/projects/python/my_project[01;32mtomer@DESKTOP-9J2H91V[00m:[01;34m/mnt/c/Users/PC/Desktop/projects/python/my_project[00m$ git add .config -l[Kuratione[K[K[4Ppushcommit -m "adding test flask"
[?2004l[main 2f2c1fe] adding test flask
 2 files changed, 125 insertions(+), 25 deletions(-)
[?2004h]0;tomer@DESKTOP-9J2H91V: /mnt/c/Users/PC/Desktop/projects/python/my_project[01;32mtomer@DESKTOP-9J2H91V[00m:[01;34m/mnt/c/Users/PC/Desktop/projects/python/my_project[00m$ git commit -m "adding test flask"add .[Kconfig -l[Kuratione[K[K[4Ppush
[?2004lgit: 'credential-wincred' is not a git command. See 'git --help'.
Username for 'https://github.com': tomernos
Password for 'https://tomernos@github.com': 
git: 'credential-wincred' is not a git command. See 'git --help'.
Enumerating objects: 7, done.
Counting objects:  14% (1/7)Counting objects:  28% (2/7)Counting objects:  42% (3/7)Counting objects:  57% (4/7)Counting objects:  71% (5/7)Counting objects:  85% (6/7)Counting objects: 100% (7/7)Counting objects: 100% (7/7), done.
Delta compression using up to 12 threads
Compressing objects:  25% (1/4)Compressing objects:  50% (2/4)Compressing objects:  75% (3/4)Compressing objects: 100% (4/4)Compressing objects: 100% (4/4), done.
Writing objects:  25% (1/4)Writing objects:  50% (2/4)Writing objects:  75% (3/4)Writing objects: 100% (4/4)Writing objects: 100% (4/4), 2.40 KiB | 1.20 MiB/s, done.
Total 4 (delta 2), reused 0 (delta 0), pack-reused 0
remote: Resolving deltas:  50% (1/2)[Kremote: Resolving deltas: 100% (2/2)[Kremote: Resolving deltas: 100% (2/2), completed with 2 local objects.[K
To https://github.com/tomernos/python-projects.git
   34f4c8a..2f2c1fe  main -> main
[?2004h]0;tomer@DESKTOP-9J2H91V: /mnt/c/Users/PC/Desktop/projects/python/my_project[01;32mtomer@DESKTOP-9J2H91V[00m:[01;34m/mnt/c/Users/PC/Desktop/projects/python/my_project[00m$ git pushcommit -m "adding test flask"add .[K
[?2004l[?2004h]0;tomer@DESKTOP-9J2H91V: /mnt/c/Users/PC/Desktop/projects/python/my_project[01;32mtomer@DESKTOP-9J2H91V[00m:[01;34m/mnt/c/Users/PC/Desktop/projects/python/my_project[00m$ git add .[1Ppush
[?2004lgit: 'credential-wincred' is not a git command. See 'git --help'.
Username for 'https://github.com': tomernos
Password for 'https://tomernos@github.com': 
git: 'credential-wincred' is not a git command. See 'git --help'.
remote: Support for password authentication was removed on August 13, 2021.
remote: Please see https://docs.github.com/get-started/getting-started-with-git/about-remote-repositories#cloning-with-https-urls for information on currently recommended modes of authentication.
fatal: Authentication failed for 'https://github.com/tomernos/python-projects.git/'
[?2004h]0;tomer@DESKTOP-9J2H91V: /mnt/c/Users/PC/Desktop/projects/python/my_project[01;32mtomer@DESKTOP-9J2H91V[00m:[01;34m/mnt/c/Users/PC/Desktop/projects/python/my_project[00m$ git push[K[K[K[K[K[K[K[Kt[Kgit add .
[?2004l[?2004h]0;tomer@DESKTOP-9J2H91V: /mnt/c/Users/PC/Desktop/projects/python/my_project[01;32mtomer@DESKTOP-9J2H91V[00m:[01;34m/mnt/c/Users/PC/Desktop/projects/python/my_project[00m$ git[K[K[Kgit add .[Kgit add .[1Ppushcommit -m "adding test flask"
[?2004l[main 347e19b] adding test flask
 2 files changed, 114 insertions(+), 62 deletions(-)
[?2004h]0;tomer@DESKTOP-9J2H91V: /mnt/c/Users/PC/Desktop/projects/python/my_project[01;32mtomer@DESKTOP-9J2H91V[00m:[01;34m/mnt/c/Users/PC/Desktop/projects/python/my_project[00m$ git commit -m "adding test flask"add .[K[Kgit add .[1Ppush
[?2004lgit: 'credential-wincred' is not a git command. See 'git --help'.
Username for 'https://github.com': tomernos
Password for 'https://tomernos@github.com': 
git: 'credential-wincred' is not a git command. See 'git --help'.
Enumerating objects: 7, done.
Counting objects:  14% (1/7)Counting objects:  28% (2/7)Counting objects:  42% (3/7)Counting objects:  57% (4/7)Counting objects:  71% (5/7)Counting objects:  85% (6/7)Counting objects: 100% (7/7)Counting objects: 100% (7/7), done.
Delta compression using up to 12 threads
Compressing objects:  25% (1/4)Compressing objects:  50% (2/4)Compressing objects:  75% (3/4)Compressing objects: 100% (4/4)Compressing objects: 100% (4/4), done.
Writing objects:  25% (1/4)Writing objects:  50% (2/4)Writing objects:  75% (3/4)Writing objects: 100% (4/4)Writing objects: 100% (4/4), 1.06 KiB | 1.06 MiB/s, done.
Total 4 (delta 3), reused 0 (delta 0), pack-reused 0
remote: Resolving deltas:   0% (0/3)[Kremote: Resolving deltas:  33% (1/3)[Kremote: Resolving deltas:  66% (2/3)[Kremote: Resolving deltas: 100% (3/3)[Kremote: Resolving deltas: 100% (3/3), completed with 3 local objects.[K
To https://github.com/tomernos/python-projects.git
   2f2c1fe..347e19b  main -> main
[?2004h]0;tomer@DESKTOP-9J2H91V: /mnt/c/Users/PC/Desktop/projects/python/my_project[01;32mtomer@DESKTOP-9J2H91V[00m:[01;34m/mnt/c/Users/PC/Desktop/projects/python/my_project[00m$ git pushcommit -m "adding test flask"add .[K
[?2004l[?2004h]0;tomer@DESKTOP-9J2H91V: /mnt/c/Users/PC/Desktop/projects/python/my_project[01;32mtomer@DESKTOP-9J2H91V[00m:[01;34m/mnt/c/Users/PC/Desktop/projects/python/my_project[00m$ git add .[1Ppushcommit -m "adding test flask"
[?2004l[main f648af6] adding test flask
 2 files changed, 63 insertions(+), 39 deletions(-)
[?2004h]0;tomer@DESKTOP-9J2H91V: /mnt/c/Users/PC/Desktop/projects/python/my_project[01;32mtomer@DESKTOP-9J2H91V[00m:[01;34m/mnt/c/Users/PC/Desktop/projects/python/my_project[00m$ git commit -m "adding test flask"add .[K[1Ppushcommit -m "adding test flask"[1P"[1P"[1P"[1P"[1P"[1P"[1P"[1P"[1P"[1P"s"e"t"u"p"
[?2004lOn branch main
Your branch is ahead of 'origin/main' by 1 commit.
  (use "git push" to publish your local commits)

Changes not staged for commit:
  (use "git add <file>..." to update what will be committed)
  (use "git restore <file>..." to discard changes in working directory)
	[31mmodified:   {[m

no changes added to commit (use "git add" and/or "git commit -a")
[?2004h]0;tomer@DESKTOP-9J2H91V: /mnt/c/Users/PC/Desktop/projects/python/my_project[01;32mtomer@DESKTOP-9J2H91V[00m:[01;34m/mnt/c/Users/PC/Desktop/projects/python/my_project[00m$ git commit -m "adding setup"test flask"add .[K
[?2004l[?2004h]0;tomer@DESKTOP-9J2H91V: /mnt/c/Users/PC/Desktop/projects/python/my_project[01;32mtomer@DESKTOP-9J2H91V[00m:[01;34m/mnt/c/Users/PC/Desktop/projects/python/my_project[00m$ git add .commit -m "adding setup"
[?2004l[main f8c6740] adding setup
 1 file changed, 24 insertions(+), 32 deletions(-)
[?2004h]0;tomer@DESKTOP-9J2H91V: /mnt/c/Users/PC/Desktop/projects/python/my_project[01;32mtomer@DESKTOP-9J2H91V[00m:[01;34m/mnt/c/Users/PC/Desktop/projects/python/my_project[00m$ git commit -m "adding setup"add .[Kcommit -m "adding setup"test flask"add .[K[1Ppushcommit -m "adding test flask"push[K
[?2004lgit: 'credential-wincred' is not a git command. See 'git --help'.
Username for 'https://github.com': tomernos
Password for 'https://tomernos@github.com': 
git: 'credential-wincred' is not a git command. See 'git --help'.
remote: Support for password authentication was removed on August 13, 2021.
remote: Please see https://docs.github.com/get-started/getting-started-with-git/about-remote-repositories#cloning-with-https-urls for information on currently recommended modes of authentication.
fatal: Authentication failed for 'https://github.com/tomernos/python-projects.git/'
[?2004h]0;tomer@DESKTOP-9J2H91V: /mnt/c/Users/PC/Desktop/projects/python/my_project[01;32mtomer@DESKTOP-9J2H91V[00m:[01;34m/mnt/c/Users/PC/Desktop/projects/python/my_project[00m$ git push
[?2004lgit: 'credential-wincred' is not a git command. See 'git --help'.
Username for 'https://github.com': tomernos
Password for 'https://tomernos@github.com': 
git: 'credential-wincred' is not a git command. See 'git --help'.
Enumerating objects: 10, done.
Counting objects:  10% (1/10)Counting objects:  20% (2/10)Counting objects:  30% (3/10)Counting objects:  40% nt/c/Users/PC/Desktop/projects/python/my_project[00m$ git commit -m "adding test flask"add .[K[1Ppushcommit -m "adding test flask"[1P"[1P"[1P"[1P"[1P"[1P"[1P"[1P"[1P"[1P"s"e"t"u"p"
[?2004lOn branch main
Your branch is ahead of 'origin/main' by 1 commit.
  (use "git push" to publish your local commits)

Changes not staged for commit:
  (use "git add <file>..." to update what will be committed)
  (use "git restore <file>..." to discard changes in working directory)
	[31mmodified:   {[m

no changes added to commit (use "git add" and/or "git commit -a")
[?2004h]0;tomer@DESKTOP-9J2H91V: /mnt/c/Users/PC/Desktop/projects/python/my_project[01;32mtomer@DESKTOP-9J2H91V[00m:[01;34m/mnt/c/Users/PC/Desktop/projects/python/my_project[00m$ git commit -m "adding setup"test flask"add .[K
[?2004l[?2004h]0;tomer@DESKTOP-9J2H91V: /mnt/c/Users/PC/Desktop/projects/python/my_project[01;32mtomer@DESKTOP-9J2H91V[00m:[01;34m/mnt/c/Users/PC/Desktop/projects/python/my_project[00m$ git add .commit -m "adding setup"
[?2004l[main f8c6740] adding setup
 1 file changed, 24 insertions(+), 32 deletions(-)
[?2004h]0;tomer@DESKTOP-9J2H91V: /mnt/c/Users/PC/Desktop/projects/python/my_project[01;32mtomer@DESKTOP-9J2H91V[00m:[01;34m/mnt/c/Users/PC/Desktop/projects/python/my_project[00m$ git commit -m "adding setup"add .[Kcommit -m "adding setup"test flask"add .[K[1Ppushcommit -m "adding test flask"push[K
[?2004lgit: 'credential-wincred' is not a git command. See 'git --help'.
Username for 'https://github.com': tomernos
Password for 'https://tomernos@github.com': 
git: 'credential-wincred' is not a git command. See 'git --help'.
remote: Support for password authentication was removed on August 13, 2021.
remote: Please see https://docs.github.com/get-started/getting-started-with-git/about-remote-repositories#cloning-with-https-urls for information on currently recommended modes of authentication.
fatal: Authentication failed for 'https://github.com/tomernos/python-projects.git/'
[?2004h]0;tomer@DESKTOP-9J2H91V: /mnt/c/Users/PC/Desktop/projects/python/my_project[01;32mtomer@DESKTOP-9J2H91V[00m:[01;34m/mnt/c/Users/PC/Desktop/projects/python/my_project[00m$ git push
[?2004lgit: 'credential-wincred' is not a git command. See 'git --help'.
Username for 'https://github.com': tomernos
Password for 'https://tomernos@github.com': 
git: 'credential-wincred' is not a git command. See 'git --help'.
Enumerating objects: 10, done.
Counting objects:  10% (1/10)Counting objects:  20% (2/10)Counting objects:  30% (3/10)Counting objects:  40% (4/10)Counting objects:  50% (5/10)Counting objects:  60% (6/10)Counting objects:  70% (7/10)Counting objects:  80% (8/10)Counting objects:  90% (9/10)Counting objects: 100% (10/10)Counting objects: 100% (10/10), done.
Delta compression using up to 12 threads
Compressing objects:  14% (1/7)Compressing objects:  28% (2/7)Compressing objects:  42% (3/7)Compressing objects:  57% (4/7)Compressing objects:  71% (5/7)Compressing objects:  85% (6/7)Compressing objects: 100% (7/7)Compressing objects: 100% (7/7), done.
Writing objects:  14% (1/7)Writing objects:  28% (2/7)Writing objects:  42% (3/7)Writing objects:  57% (4/7)Writing objects:  71% (5/7)Writing objects:  85% (6/7)Writing objects: 100% (7/7)Writing objects: 100% (7/7), 1.39 KiB | 711.00 KiB/s, done.
Total 7 (delta 4), reused 0 (delta 0), pack-reused 0
remote: Resolving deltas:   0% (0/4)[Kremote: Resolving deltas:  25% (1/4)[Kremote: Resolving deltas:  50% (2/4)[Kremote: Resolving deltas:  75% (3/4)[Kremote: Resolving deltas: 100% (4/4)[Kremote: Resolving deltas: 100% (4/4), completed with 2 local objects.[K
To https://github.com/tomernos/python-projects.git
   347e19b..f8c6740  main -> main
[?2004h]0;tomer@DESKTOP-9J2H91V: /mnt/c/Users/PC/Desktop/projects